V3 3
FL E:/XilinxProgram/behvFA/code.vhd 2017/10/26.09:11:25 I.24
EN work/code 1508989330            FL E:/XilinxProgram/behvFA/code.vhd \
      PB ieee/std_logic_1164 1131108373 PB ieee/std_logic_arith 1131108375 \
      PB ieee/STD_LOGIC_UNSIGNED 1131108379
AR work/code/Behavioral 1508989331 FL E:/XilinxProgram/behvFA/code.vhd EN work/code 1508989330
